// Jest Snapshot v1, https://goo.gl/fbAQLP

exports[`<Direction /> component should match the snapshot 1`] = `
<div
  className="direction"
>
  <div
    className="location-details-form"
  >
    <div
      className="location-details-form"
    >
      <div
        className="input-places-autocomplete"
      >
        <p>
          Strarting location
        </p>
        <input
          name="startingLocation"
          onChange={[Function]}
          type="text"
        />
      </div>
      <div
        className="input-places-autocomplete"
      >
        <p>
          Drop-off point
        </p>
        <input
          name="dropOffPoint"
          onChange={[Function]}
          type="text"
        />
      </div>
      <div
        className="form-buttons"
      >
        <button
          disabled={true}
          onClick={[Function]}
          style={
            Object {
              "marginRight": "30%",
            }
          }
        >
          Submit
        </button>
        <button
          onClick={[Function]}
        >
          Reset
        </button>
      </div>
    </div>
  </div>
  <div
    className="error-container"
  >
    
  </div>
  <div
    className="map-container"
  >
    <div
      className="map"
    />
  </div>
</div>
`;
