// Jest Snapshot v1, https://goo.gl/fbAQLP

exports[`<GooglePlacesAutocomplete /> component should match the snapshot 1`] = `
<div
  className="GooglePlacesAutocomplete"
>
  <p />
  <input
    type="text"
  />
</div>
`;
