// Jest Snapshot v1, https://goo.gl/fbAQLP

exports[`<MapComponent /> component should match the snapshot 1`] = `
<div
  className="MapComponent"
>
  <div
    className="map-container"
  >
    <div
      id="map"
    />
  </div>
</div>
`;
